../bsp/ds1307.c:25:9:ds1307_init	16	static
../bsp/ds1307.c:48:6:ds1307_set_current_time	24	static
../bsp/ds1307.c:70:6:ds1307_set_current_date	16	static
../bsp/ds1307.c:82:6:ds1307_get_current_time	24	static
../bsp/ds1307.c:108:6:ds1307_get_current_date	16	static
../bsp/ds1307.c:114:13:ds1307_i2c_pin_config	32	static
../bsp/ds1307.c:146:6:ds1307_i2c_config	8	static
../bsp/ds1307.c:155:6:ds1307_write	32	static
../bsp/ds1307.c:164:16:ds1307_read	32	static
../bsp/ds1307.c:173:16:binary_to_bcd	24	static
../bsp/ds1307.c:189:16:bcd_to_binary	24	static
