../Src/012i2c_master_rx_testingIT.c:22:6:delay	16	static
../Src/012i2c_master_rx_testingIT.c:38:6:I2C1_GPIOInits	24	static
../Src/012i2c_master_rx_testingIT.c:61:6:I2C1_Inits	8	static
../Src/012i2c_master_rx_testingIT.c:73:6:GPIO_ButtonInit	24	static
../Src/012i2c_master_rx_testingIT.c:89:5:main	24	static
../Src/012i2c_master_rx_testingIT.c:146:6:I2C1_EV_IRQHandler	8	static
../Src/012i2c_master_rx_testingIT.c:151:6:I2C1_ER_IRQHandler	8	static
../Src/012i2c_master_rx_testingIT.c:156:6:I2C_ApplicationEventCallback	16	static
