../Src/013i2c_master_tx_string.c:18:6:delay	16	static
../Src/013i2c_master_tx_string.c:34:6:I2C1_GPIOInits	24	static
../Src/013i2c_master_tx_string.c:57:6:I2C1_Inits	8	static
../Src/013i2c_master_tx_string.c:69:6:GPIO_ButtonInit	24	static
../Src/013i2c_master_tx_string.c:85:5:main	8	static
../Src/013i2c_master_tx_string.c:117:6:I2C1_EV_IRQHandler	8	static
../Src/013i2c_master_tx_string.c:122:6:I2C1_ER_IRQHandler	8	static
../Src/013i2c_master_tx_string.c:127:6:I2C_ApplicationEventCallback	16	static
