../Src/014i2c_slave_tx_string2.c:19:6:delay	16	static
../Src/014i2c_slave_tx_string2.c:35:6:I2C1_GPIOInits	24	static
../Src/014i2c_slave_tx_string2.c:58:6:I2C1_Inits	8	static
../Src/014i2c_slave_tx_string2.c:70:6:GPIO_ButtonInit	24	static
../Src/014i2c_slave_tx_string2.c:86:5:main	8	static
../Src/014i2c_slave_tx_string2.c:119:6:I2C1_EV_IRQHandler	8	static
../Src/014i2c_slave_tx_string2.c:124:6:I2C1_ER_IRQHandler	8	static
../Src/014i2c_slave_tx_string2.c:129:6:I2C_ApplicationEventCallback	24	static
