Archive member included to satisfy reference by file (symbol)

C:/ST/STM32CubeIDE_1.18.1/STM32CubeIDE/plugins/com.st.stm32cube.ide.mcu.externaltools.gnu-tools-for-stm32.13.3.rel1.win32_1.0.0.202411081344/tools/bin/../lib/gcc/arm-none-eabi/13.3.1/../../../../arm-none-eabi/lib/thumb/v7e-m/nofp\libc_nano.a(libc_a-exit.o)
                              C:/ST/STM32CubeIDE_1.18.1/STM32CubeIDE/plugins/com.st.stm32cube.ide.mcu.externaltools.gnu-tools-for-stm32.13.3.rel1.win32_1.0.0.202411081344/tools/bin/../lib/gcc/arm-none-eabi/13.3.1/../../../../arm-none-eabi/lib/thumb/v7e-m/nofp/crt0.o (exit)
C:/ST/STM32CubeIDE_1.18.1/STM32CubeIDE/plugins/com.st.stm32cube.ide.mcu.externaltools.gnu-tools-for-stm32.13.3.rel1.win32_1.0.0.202411081344/tools/bin/../lib/gcc/arm-none-eabi/13.3.1/../../../../arm-none-eabi/lib/thumb/v7e-m/nofp\libc_nano.a(libc_a-findfp.o)
                              C:/ST/STM32CubeIDE_1.18.1/STM32CubeIDE/plugins/com.st.stm32cube.ide.mcu.externaltools.gnu-tools-for-stm32.13.3.rel1.win32_1.0.0.202411081344/tools/bin/../lib/gcc/arm-none-eabi/13.3.1/../../../../arm-none-eabi/lib/thumb/v7e-m/nofp\libc_nano.a(libc_a-exit.o) (__stdio_exit_handler)
C:/ST/STM32CubeIDE_1.18.1/STM32CubeIDE/plugins/com.st.stm32cube.ide.mcu.externaltools.gnu-tools-for-stm32.13.3.rel1.win32_1.0.0.202411081344/tools/bin/../lib/gcc/arm-none-eabi/13.3.1/../../../../arm-none-eabi/lib/thumb/v7e-m/nofp\libc_nano.a(libc_a-fwalk.o)
                              C:/ST/STM32CubeIDE_1.18.1/STM32CubeIDE/plugins/com.st.stm32cube.ide.mcu.externaltools.gnu-tools-for-stm32.13.3.rel1.win32_1.0.0.202411081344/tools/bin/../lib/gcc/arm-none-eabi/13.3.1/../../../../arm-none-eabi/lib/thumb/v7e-m/nofp\libc_nano.a(libc_a-findfp.o) (_fwalk_sglue)
C:/ST/STM32CubeIDE_1.18.1/STM32CubeIDE/plugins/com.st.stm32cube.ide.mcu.externaltools.gnu-tools-for-stm32.13.3.rel1.win32_1.0.0.202411081344/tools/bin/../lib/gcc/arm-none-eabi/13.3.1/../../../../arm-none-eabi/lib/thumb/v7e-m/nofp\libc_nano.a(libc_a-stdio.o)
                              C:/ST/STM32CubeIDE_1.18.1/STM32CubeIDE/plugins/com.st.stm32cube.ide.mcu.externaltools.gnu-tools-for-stm32.13.3.rel1.win32_1.0.0.202411081344/tools/bin/../lib/gcc/arm-none-eabi/13.3.1/../../../../arm-none-eabi/lib/thumb/v7e-m/nofp\libc_nano.a(libc_a-findfp.o) (__sread)
C:/ST/STM32CubeIDE_1.18.1/STM32CubeIDE/plugins/com.st.stm32cube.ide.mcu.externaltools.gnu-tools-for-stm32.13.3.rel1.win32_1.0.0.202411081344/tools/bin/../lib/gcc/arm-none-eabi/13.3.1/../../../../arm-none-eabi/lib/thumb/v7e-m/nofp\libc_nano.a(libc_a-memset.o)
                              C:/ST/STM32CubeIDE_1.18.1/STM32CubeIDE/plugins/com.st.stm32cube.ide.mcu.externaltools.gnu-tools-for-stm32.13.3.rel1.win32_1.0.0.202411081344/tools/bin/../lib/gcc/arm-none-eabi/13.3.1/../../../../arm-none-eabi/lib/thumb/v7e-m/nofp/crt0.o (memset)
C:/ST/STM32CubeIDE_1.18.1/STM32CubeIDE/plugins/com.st.stm32cube.ide.mcu.externaltools.gnu-tools-for-stm32.13.3.rel1.win32_1.0.0.202411081344/tools/bin/../lib/gcc/arm-none-eabi/13.3.1/../../../../arm-none-eabi/lib/thumb/v7e-m/nofp\libc_nano.a(libc_a-closer.o)
                              C:/ST/STM32CubeIDE_1.18.1/STM32CubeIDE/plugins/com.st.stm32cube.ide.mcu.externaltools.gnu-tools-for-stm32.13.3.rel1.win32_1.0.0.202411081344/tools/bin/../lib/gcc/arm-none-eabi/13.3.1/../../../../arm-none-eabi/lib/thumb/v7e-m/nofp\libc_nano.a(libc_a-stdio.o) (_close_r)
C:/ST/STM32CubeIDE_1.18.1/STM32CubeIDE/plugins/com.st.stm32cube.ide.mcu.externaltools.gnu-tools-for-stm32.13.3.rel1.win32_1.0.0.202411081344/tools/bin/../lib/gcc/arm-none-eabi/13.3.1/../../../../arm-none-eabi/lib/thumb/v7e-m/nofp\libc_nano.a(libc_a-reent.o)
                              C:/ST/STM32CubeIDE_1.18.1/STM32CubeIDE/plugins/com.st.stm32cube.ide.mcu.externaltools.gnu-tools-for-stm32.13.3.rel1.win32_1.0.0.202411081344/tools/bin/../lib/gcc/arm-none-eabi/13.3.1/../../../../arm-none-eabi/lib/thumb/v7e-m/nofp\libc_nano.a(libc_a-closer.o) (errno)
C:/ST/STM32CubeIDE_1.18.1/STM32CubeIDE/plugins/com.st.stm32cube.ide.mcu.externaltools.gnu-tools-for-stm32.13.3.rel1.win32_1.0.0.202411081344/tools/bin/../lib/gcc/arm-none-eabi/13.3.1/../../../../arm-none-eabi/lib/thumb/v7e-m/nofp\libc_nano.a(libc_a-impure.o)
                              C:/ST/STM32CubeIDE_1.18.1/STM32CubeIDE/plugins/com.st.stm32cube.ide.mcu.externaltools.gnu-tools-for-stm32.13.3.rel1.win32_1.0.0.202411081344/tools/bin/../lib/gcc/arm-none-eabi/13.3.1/../../../../arm-none-eabi/lib/thumb/v7e-m/nofp\libc_nano.a(libc_a-reent.o) (_impure_ptr)
C:/ST/STM32CubeIDE_1.18.1/STM32CubeIDE/plugins/com.st.stm32cube.ide.mcu.externaltools.gnu-tools-for-stm32.13.3.rel1.win32_1.0.0.202411081344/tools/bin/../lib/gcc/arm-none-eabi/13.3.1/../../../../arm-none-eabi/lib/thumb/v7e-m/nofp\libc_nano.a(libc_a-lseekr.o)
[...]
Memory Configuration

Name             Origin             Length             Attributes
CCMRAM           0x10000000         0x00010000         xrw
RAM              0x20000000         0x00020000         xrw
FLASH            0x08000000         0x00100000         xr
*default*        0x00000000         0xffffffff

Linker script and memory map

LOAD C:/ST/STM32CubeIDE_1.18.1/STM32CubeIDE/plugins/com.st.stm32cube.ide.mcu.externaltools.gnu-tools-for-stm32.13.3.rel1.win32_1.0.0.202411081344/tools/bin/../lib/gcc/arm-none-eabi/13.3.1/thumb/v7e-m/nofp/crti.o
LOAD C:/ST/STM32CubeIDE_1.18.1/STM32CubeIDE/plugins/com.st.stm32cube.ide.mcu.externaltools.gnu-tools-for-stm32.13.3.rel1.win32_1.0.0.202411081344/tools/bin/../lib/gcc/arm-none-eabi/13.3.1/thumb/v7e-m/nofp/crtbegin.o
LOAD C:/ST/STM32CubeIDE_1.18.1/STM32CubeIDE/plugins/com.st.stm32cube.ide.mcu.externaltools.gnu-tools-for-stm32.13.3.rel1.win32_1.0.0.202411081344/tools/bin/../lib/gcc/arm-none-eabi/13.3.1/../../../../arm-none-eabi/lib/thumb/v7e-m/nofp/crt0.o
LOAD ./Src/011i2c_master_rx_testing.o
LOAD ./Src/syscalls.o
LOAD ./Src/sysmem.o
LOAD ./Startup/startup_stm32f407vgtx.o
LOAD ./drivers/src/stm32f407xx_gpio_driver.o
LOAD ./drivers/src/stm32f407xx_i2c_driver.o
LOAD ./drivers/src/stm32f407xx_spi_driver.o
START GROUP
LOAD C:/ST/STM32CubeIDE_1.18.1/STM32CubeIDE/plugins/com.st.stm32cube.ide.mcu.externaltools.gnu-tools-for-stm32.13.3.rel1.win32_1.0.0.202411081344/tools/bin/../lib/gcc/arm-none-eabi/13.3.1/../../../../arm-none-eabi/lib/thumb/v7e-m/nofp\libc_nano.a
LOAD C:/ST/STM32CubeIDE_1.18.1/STM32CubeIDE/plugins/com.st.stm32cube.ide.mcu.externaltools.gnu-tools-for-stm32.13.3.rel1.win32_1.0.0.202411081344/tools/bin/../lib/gcc/arm-none-eabi/13.3.1/../../../../arm-none-eabi/lib/thumb/v7e-m/nofp\libm.a
END GROUP
START GROUP
LOAD C:/ST/STM32CubeIDE_1.18.1/STM32CubeIDE/plugins/com.st.stm32cube.ide.mcu.externaltools.gnu-tools-for-stm32.13.3.rel1.win32_1.0.0.202411081344/tools/bin/../lib/gcc/arm-none-eabi/13.3.1/thumb/v7e-m/nofp\libgcc.a
LOAD C:/ST/STM32CubeIDE_1.18.1/STM32CubeIDE/plugins/com.st.stm32cube.ide.mcu.externaltools.gnu-tools-for-stm32.13.3.rel1.win32_1.0.0.202411081344/tools/bin/../lib/gcc/arm-none-eabi/13.3.1/../../../../arm-none-eabi/lib/thumb/v7e-m/nofp\libc_nano.a
END GROUP
START GROUP
LOAD C:/ST/STM32CubeIDE_1.18.1/STM32CubeIDE/plugins/com.st.stm32cube.ide.mcu.externaltools.gnu-tools-for-stm32.13.3.rel1.win32_1.0.0.202411081344/tools/bin/../lib/gcc/arm-none-eabi/13.3.1/thumb/v7e-m/nofp\libgcc.a
LOAD C:/ST/STM32CubeIDE_1.18.1/STM32CubeIDE/plugins/com.st.stm32cube.ide.mcu.externaltools.gnu-tools-for-stm32.13.3.rel1.win32_1.0.0.202411081344/tools/bin/../lib/gcc/arm-none-eabi/13.3.1/../../../../arm-none-eabi/lib/thumb/v7e-m/nofp\libc_nano.a
LOAD C:/ST/STM32CubeIDE_1.18.1/STM32CubeIDE/plugins/com.st.stm32cube.ide.mcu.externaltools.gnu-tools-for-stm32.13.3.rel1.win32_1.0.0.202411081344/tools/bin/../lib/gcc/arm-none-eabi/13.3.1/../../../../arm-none-eabi/lib/thumb/v7e-m/nofp\libnosys.a
END GROUP
START GROUP
LOAD C:/ST/STM32CubeIDE_1.18.1/STM32CubeIDE/plugins/com.st.stm32cube.ide.mcu.externaltools.gnu-tools-for-stm32.13.3.rel1.win32_1.0.0.202411081344/tools/bin/../lib/gcc/arm-none-eabi/13.3.1/thumb/v7e-m/nofp\libgcc.a
LOAD C:/ST/STM32CubeIDE_1.18.1/STM32CubeIDE/plugins/com.st.stm32cube.ide.mcu.externaltools.gnu-tools-for-stm32.13.3.rel1.win32_1.0.0.202411081344/tools/bin/../lib/gcc/arm-none-eabi/13.3.1/../../../../arm-none-eabi/lib/thumb/v7e-m/nofp\libc_nano.a
LOAD C:/ST/STM32CubeIDE_1.18.1/STM32CubeIDE/plugins/com.st.stm32cube.ide.mcu.externaltools.gnu-tools-for-stm32.13.3.rel1.win32_1.0.0.202411081344/tools/bin/../lib/gcc/arm-none-eabi/13.3.1/../../../../arm-none-eabi/lib/thumb/v7e-m/nofp\libnosys.a
END GROUP
LOAD C:/ST/STM32CubeIDE_1.18.1/STM32CubeIDE/plugins/com.st.stm32cube.ide.mcu.externaltools.gnu-tools-for-stm32.13.3.rel1.win32_1.0.0.202411081344/tools/bin/../lib/gcc/arm-none-eabi/13.3.1/thumb/v7e-m/nofp/crtend.o
LOAD C:/ST/STM32CubeIDE_1.18.1/STM32CubeIDE/plugins/com.st.stm32cube.ide.mcu.externaltools.gnu-tools-for-stm32.13.3.rel1.win32_1.0.0.202411081344/tools/bin/../lib/gcc/arm-none-eabi/13.3.1/thumb/v7e-m/nofp/crtn.o
                0x20020000                        _estack = (ORIGIN (RAM) + LENGTH (RAM))
                0x00000200                        _Min_Heap_Size = 0x200
                0x00000400                        _Min_Stack_Size = 0x400

.isr_vector     0x08000000      0x188
                0x08000000                        . = ALIGN (0x4)
 *(.isr_vector)
 .isr_vector    0x08000000      0x188 ./Startup/startup_stm32f407vgtx.o
                0x08000000                g_pfnVectors
                0x08000188                        . = ALIGN (0x4)

.text           0x08000188      0x8e0
                0x08000188                        . = ALIGN (0x4)
 *(.text)
 .text          0x08000188       0x40 C:/ST/STM32CubeIDE_1.18.1/STM32CubeIDE/plugins/com.st.stm32cube.ide.mcu.externaltools.gnu-tools-for-stm32.13.3.rel1.win32_1.0.0.202411081344/tools/bin/../lib/gcc/arm-none-eabi/13.3.1/thumb/v7e-m/nofp/crtbegin.o
 *(.text*)
 .text.delay    0x080001c8       0x2c ./Src/011i2c_master_rx_testing.o
                0x080001c8                delay
 .text.I2C1_GPIOInits
                0x080001f4       0x44 ./Src/011i2c_master_rx_testing.o
                0x080001f4                I2C1_GPIOInits
 .text.I2C1_Inits
                0x08000238       0x38 ./Src/011i2c_master_rx_testing.o
                0x08000238                I2C1_Inits
 .text.GPIO_ButtonInit
                0x08000270       0x30 ./Src/011i2c_master_rx_testing.o
                0x08000270                GPIO_ButtonInit
 .text.main     0x080002a0       0x38 ./Src/011i2c_master_rx_testing.o
                0x080002a0                main
 .text.Reset_Handler
                0x080002d8       0x50 ./Startup/startup_stm32f407vgtx.o
                0x080002d8                Reset_Handler
 .text.Default_Handler
                0x08000328        0x2 ./Startup/startup_stm32f407vgtx.o
                0x08000328                RTC_Alarm_IRQHandler
                0x08000328                HASH_RNG_IRQHandler
                0x08000328                EXTI2_IRQHandler
                0x08000328                TIM8_CC_IRQHandler
                0x08000328                DebugMon_Handler
                0x08000328                TIM1_CC_IRQHandler
                0x08000328                DMA2_Stream5_IRQHandler
                0x08000328                HardFault_Handler
                0x08000328                DMA1_Stream5_IRQHandler
                0x08000328                SysTick_Handler
                0x08000328                PVD_IRQHandler
                0x08000328                SDIO_IRQHandler
                0x08000328                TAMP_STAMP_IRQHandler
                0x08000328                PendSV_Handler
                0x08000328                NMI_Handler
                0x08000328                CAN2_RX1_IRQHandler
                0x08000328                EXTI3_IRQHandler
                0x08000328                TIM8_TRG_COM_TIM14_IRQHandler
                0x08000328                TIM1_UP_TIM10_IRQHandler
                0x08000328                TIM8_UP_TIM13_IRQHandler
                0x08000328                I2C3_ER_IRQHandler
                0x08000328                EXTI0_IRQHandler
                0x08000328                I2C2_EV_IRQHandler
                0x08000328                DMA1_Stream2_IRQHandler
                0x08000328                CAN1_RX0_IRQHandler
                0x08000328                FPU_IRQHandler
                0x08000328                OTG_HS_WKUP_IRQHandler
                0x08000328                UsageFault_Handler
                0x08000328                CAN2_SCE_IRQHandler
                0x08000328                DMA2_Stream2_IRQHandler
                0x08000328                SPI1_IRQHandler
                0x08000328                TIM6_DAC_IRQHandler
                0x08000328                TIM1_BRK_TIM9_IRQHandler
                0x08000328                DCMI_IRQHandler
                0x08000328                CAN2_RX0_IRQHandler
                0x08000328                DMA2_Stream3_IRQHandler
                0x08000328                USART6_IRQHandler
                0x08000328                USART3_IRQHandler
                0x08000328                CRYP_IRQHandler
                0x08000328                CAN1_RX1_IRQHandler
                0x08000328                UART5_IRQHandler
                0x08000328                DMA2_Stream0_IRQHandler
                0x08000328                TIM4_IRQHandler
                0x08000328                I2C1_EV_IRQHandler
                0x08000328                DMA1_Stream6_IRQHandler
                0x08000328                DMA1_Stream1_IRQHandler
                0x08000328                UART4_IRQHandler
                0x08000328                TIM3_IRQHandler
                0x08000328                RCC_IRQHandler
                0x08000328                TIM8_BRK_TIM12_IRQHandler
                0x08000328                Default_Handler
                0x08000328                EXTI15_10_IRQHandler
                0x08000328                ADC_IRQHandler
                0x08000328                DMA1_Stream7_IRQHandler
                0x08000328                TIM7_IRQHandler
                0x08000328                CAN2_TX_IRQHandler
                0x08000328                TIM5_IRQHandler
                0x08000328                DMA2_Stream7_IRQHandler
                0x08000328                I2C3_EV_IRQHandler
                0x08000328                EXTI9_5_IRQHandler
                0x08000328                RTC_WKUP_IRQHandler
                0x08000328                ETH_WKUP_IRQHandler
                0x08000328                SPI2_IRQHandler
                0x08000328                OTG_HS_EP1_IN_IRQHandler
                0x08000328                MemManage_Handler
                0x08000328                DMA1_Stream0_IRQHandler
                0x08000328                CAN1_TX_IRQHandler
                0x08000328                SVC_Handler
                0x08000328                EXTI4_IRQHandler
                0x08000328                FSMC_IRQHandler
                0x08000328                ETH_IRQHandler
                0x08000328                OTG_HS_EP1_OUT_IRQHandler
                0x08000328                WWDG_IRQHandler
                0x08000328                TIM2_IRQHandler
                0x08000328                OTG_FS_WKUP_IRQHandler
                0x08000328                TIM1_TRG_COM_TIM11_IRQHandler
                0x08000328                OTG_HS_IRQHandler
                0x08000328                EXTI1_IRQHandler
                0x08000328                USART2_IRQHandler
                0x08000328                I2C2_ER_IRQHandler
                0x08000328                DMA2_Stream1_IRQHandler
                0x08000328                CAN1_SCE_IRQHandler
                0x08000328                DMA2_Stream4_IRQHandler
                0x08000328                BusFault_Handler
                0x08000328                USART1_IRQHandler
                0x08000328                OTG_FS_IRQHandler
                0x08000328                SPI3_IRQHandler
                0x08000328                DMA1_Stream4_IRQHandler
                0x08000328                I2C1_ER_IRQHandler
                0x08000328                DMA2_Stream6_IRQHandler
                0x08000328                DMA1_Stream3_IRQHandler
 *fill*         0x0800032a        0x2 
 .text.GPIO_PeriClockControl
                0x0800032c      0x108 ./drivers/src/stm32f407xx_gpio_driver.o
                0x0800032c                GPIO_PeriClockControl
 .text.GPIO_Init
                0x08000434      0x2e8 ./drivers/src/stm32f407xx_gpio_driver.o
                0x08000434                GPIO_Init
 .text.GPIO_ReadFromInputPin
                0x0800071c       0x2a ./drivers/src/stm32f407xx_gpio_driver.o
                0x0800071c                GPIO_ReadFromInputPin
 .text.I2C_PeripheralControl
                0x08000746       0x36 ./drivers/src/stm32f407xx_i2c_driver.o
                0x08000746                I2C_PeripheralControl
 .text.I2C_PeriClockControl
                0x0800077c       0x6c ./drivers/src/stm32f407xx_i2c_driver.o
                0x0800077c                I2C_PeriClockControl
 .text.RCC_GetOutputClock
                0x080007e8       0x10 ./drivers/src/stm32f407xx_i2c_driver.o
                0x080007e8                RCC_GetOutputClock
 .text.RCC_GetPCLK1Value
                0x080007f8       0xb0 ./drivers/src/stm32f407xx_i2c_driver.o
                0x080007f8                RCC_GetPCLK1Value
 .text.I2C_Init
                0x080008a8      0x160 ./drivers/src/stm32f407xx_i2c_driver.o
                0x080008a8                I2C_Init
 .text.__libc_init_array
                0x08000a08       0x48 C:/ST/STM32CubeIDE_1.18.1/STM32CubeIDE/plugins/com.st.stm32cube.ide.mcu.externaltools.gnu-tools-for-stm32.13.3.rel1.win32_1.0.0.202411081344/tools/bin/../lib/gcc/arm-none-eabi/13.3.1/../../../../arm-none-eabi/lib/thumb/v7e-m/nofp\libc_nano.a(libc_a-init.o)
                0x08000a08                __libc_init_array
 *(.glue_7)
 .glue_7        0x08000a50        0x0 linker stubs
 *(.glue_7t)
 .glue_7t       0x08000a50        0x0 linker stubs
 *(.eh_frame)
 .eh_frame      0x08000a50        0x0 C:/ST/STM32CubeIDE_1.18.1/STM32CubeIDE/plugins/com.st.stm32cube.ide.mcu.externaltools.gnu-tools-for-stm32.13.3.rel1.win32_1.0.0.202411081344/tools/bin/../lib/gcc/arm-none-eabi/13.3.1/thumb/v7e-m/nofp/crtbegin.o
 *(.init)
 .init          0x08000a50        0x4 C:/ST/STM32CubeIDE_1.18.1/STM32CubeIDE/plugins/com.st.stm32cube.ide.mcu.externaltools.gnu-tools-for-stm32.13.3.rel1.win32_1.0.0.202411081344/tools/bin/../lib/gcc/arm-none-eabi/13.3.1/thumb/v7e-m/nofp/crti.o
                0x08000a50                _init
 .init          0x08000a54        0x8 C:/ST/STM32CubeIDE_1.18.1/STM32CubeIDE/plugins/com.st.stm32cube.ide.mcu.externaltools.gnu-tools-for-stm32.13.3.rel1.win32_1.0.0.202411081344/tools/bin/../lib/gcc/arm-none-eabi/13.3.1/thumb/v7e-m/nofp/crtn.o
 *(.fini)
 .fini          0x08000a5c        0x4 C:/ST/STM32CubeIDE_1.18.1/STM32CubeIDE/plugins/com.st.stm32cube.ide.mcu.externaltools.gnu-tools-for-stm32.13.3.rel1.win32_1.0.0.202411081344/tools/bin/../lib/gcc/arm-none-eabi/13.3.1/thumb/v7e-m/nofp/crti.o
                0x08000a5c                _fini
 .fini          0x08000a60        0x8 C:/ST/STM32CubeIDE_1.18.1/STM32CubeIDE/plugins/com.st.stm32cube.ide.mcu.externaltools.gnu-tools-for-stm32.13.3.rel1.win32_1.0.0.202411081344/tools/bin/../lib/gcc/arm-none-eabi/13.3.1/thumb/v7e-m/nofp/crtn.o
                0x08000a68                        . = ALIGN (0x4)
                0x08000a68                        _etext = .

.vfp11_veneer   0x08000a68        0x0
 .vfp11_veneer  0x08000a68        0x0 linker stubs

.v4_bx          0x08000a68        0x0
 .v4_bx         0x08000a68        0x0 linker stubs

.iplt           0x08000a68        0x0
 .iplt          0x08000a68        0x0 C:/ST/STM32CubeIDE_1.18.1/STM32CubeIDE/plugins/com.st.stm32cube.ide.mcu.externaltools.gnu-tools-for-stm32.13.3.rel1.win32_1.0.0.202411081344/tools/bin/../lib/gcc/arm-none-eabi/13.3.1/thumb/v7e-m/nofp/crtbegin.o

.rodata         0x08000a68        0x0
                0x08000a68                        . = ALIGN (0x4)
 *(.rodata)
 *(.rodata*)
                0x08000a68                        . = ALIGN (0x4)

.ARM.extab      0x08000a68        0x0
                0x08000a68                        . = ALIGN (0x4)
 *(.ARM.extab* .gnu.linkonce.armextab.*)
                0x08000a68                        . = ALIGN (0x4)

.ARM            0x08000a68        0x0
                0x08000a68                        . = ALIGN (0x4)
                0x08000a68                        __exidx_start = .
 *(.ARM.exidx*)
                0x08000a68                        __exidx_end = .
                0x08000a68                        . = ALIGN (0x4)

.preinit_array  0x08000a68        0x0
                0x08000a68                        . = ALIGN (0x4)
                0x08000a68                        PROVIDE (__preinit_array_start = .)
 *(.preinit_array*)
                0x08000a68                        PROVIDE (__preinit_array_end = .)
                0x08000a68                        . = ALIGN (0x4)

.init_array     0x08000a68        0x4
                0x08000a68                        . = ALIGN (0x4)
                0x08000a68                        PROVIDE (__init_array_start = .)
 *(SORT_BY_NAME(.init_array.*))
 *(.init_array*)
 .init_array    0x08000a68        0x4 C:/ST/STM32CubeIDE_1.18.1/STM32CubeIDE/plugins/com.st.stm32cube.ide.mcu.externaltools.gnu-tools-for-stm32.13.3.rel1.win32_1.0.0.202411081344/tools/bin/../lib/gcc/arm-none-eabi/13.3.1/thumb/v7e-m/nofp/crtbegin.o
                0x08000a6c                        PROVIDE (__init_array_end = .)
                0x08000a6c                        . = ALIGN (0x4)

.fini_array     0x08000a6c        0x4
                0x08000a6c                        . = ALIGN (0x4)
                [!provide]                        PROVIDE (__fini_array_start = .)
 *(SORT_BY_NAME(.fini_array.*))
 *(.fini_array*)
 .fini_array    0x08000a6c        0x4 C:/ST/STM32CubeIDE_1.18.1/STM32CubeIDE/plugins/com.st.stm32cube.ide.mcu.externaltools.gnu-tools-for-stm32.13.3.rel1.win32_1.0.0.202411081344/tools/bin/../lib/gcc/arm-none-eabi/13.3.1/thumb/v7e-m/nofp/crtbegin.o
                [!provide]                        PROVIDE (__fini_array_end = .)
                0x08000a70                        . = ALIGN (0x4)
                0x08000a70                        _sidata = LOADADDR (.data)

.rel.dyn        0x08000a70        0x0
 .rel.iplt      0x08000a70        0x0 C:/ST/STM32CubeIDE_1.18.1/STM32CubeIDE/plugins/com.st.stm32cube.ide.mcu.externaltools.gnu-tools-for-stm32.13.3.rel1.win32_1.0.0.202411081344/tools/bin/../lib/gcc/arm-none-eabi/13.3.1/thumb/v7e-m/nofp/crtbegin.o

.data           0x20000000       0x18 load address 0x08000a70
                0x20000000                        . = ALIGN (0x4)
                0x20000000                        _sdata = .
 *(.data)
 *(.data*)
 .data.AHB_PreScaler
                0x20000000       0x10 ./drivers/src/stm32f407xx_i2c_driver.o
                0x20000000                AHB_PreScaler
 .data.APB1_PreScaler
                0x20000010        0x8 ./drivers/src/stm32f407xx_i2c_driver.o
                0x20000010                APB1_PreScaler
 *(.RamFunc)
 *(.RamFunc*)
                0x20000018                        . = ALIGN (0x4)
                0x20000018                        _edata = .
                0x08000a88                        _siccmram = LOADADDR (.ccmram)

.igot.plt       0x20000018        0x0 load address 0x08000a88
 .igot.plt      0x20000018        0x0 C:/ST/STM32CubeIDE_1.18.1/STM32CubeIDE/plugins/com.st.stm32cube.ide.mcu.externaltools.gnu-tools-for-stm32.13.3.rel1.win32_1.0.0.202411081344/tools/bin/../lib/gcc/arm-none-eabi/13.3.1/thumb/v7e-m/nofp/crtbegin.o

.ccmram         0x10000000        0x0 load address 0x08000a88
                0x10000000                        . = ALIGN (0x4)
                0x10000000                        _sccmram = .
 *(.ccmram)
 *(.ccmram*)
                0x10000000                        . = ALIGN (0x4)
                0x10000000                        _eccmram = .
                0x10000000                        . = ALIGN (0x4)

.bss            0x20000018       0x44
                0x20000018                        _sbss = .
                0x20000018                        __bss_start__ = _sbss
 *(.bss)
 .bss           0x20000018       0x1c C:/ST/STM32CubeIDE_1.18.1/STM32CubeIDE/plugins/com.st.stm32cube.ide.mcu.externaltools.gnu-tools-for-stm32.13.3.rel1.win32_1.0.0.202411081344/tools/bin/../lib/gcc/arm-none-eabi/13.3.1/thumb/v7e-m/nofp/crtbegin.o
 *(.bss*)
 .bss.I2C1Handle
                0x20000034       0x28 ./Src/011i2c_master_rx_testing.o
                0x20000034                I2C1Handle
 *(COMMON)
                0x2000005c                        . = ALIGN (0x4)
                0x2000005c                        _ebss = .
                0x2000005c                        __bss_end__ = _ebss

._user_heap_stack
                0x2000005c      0x604
                0x20000060                        . = ALIGN (0x8)
 *fill*         0x2000005c        0x4 
                [!provide]                        PROVIDE (end = .)
                0x20000060                        PROVIDE (_end = .)
                0x20000260                        . = (. + _Min_Heap_Size)
 *fill*         0x20000060      0x200 
                0x20000660                        . = (. + _Min_Stack_Size)
 *fill*         0x20000260      0x400 
                0x20000660                        . = ALIGN (0x8)

/DISCARD/
 libc.a(*)
 libm.a(*)
 libgcc.a(*)

.ARM.attributes
                0x00000000       0x2a
 *(.ARM.attributes)
 .ARM.attributes
                0x00000000       0x1e C:/ST/STM32CubeIDE_1.18.1/STM32CubeIDE/plugins/com.st.stm32cube.ide.mcu.externaltools.gnu-tools-for-stm32.13.3.rel1.win32_1.0.0.202411081344/tools/bin/../lib/gcc/arm-none-eabi/13.3.1/thumb/v7e-m/nofp/crti.o
 .ARM.attributes
                0x0000001e       0x2e C:/ST/STM32CubeIDE_1.18.1/STM32CubeIDE/plugins/com.st.stm32cube.ide.mcu.externaltools.gnu-tools-for-stm32.13.3.rel1.win32_1.0.0.202411081344/tools/bin/../lib/gcc/arm-none-eabi/13.3.1/thumb/v7e-m/nofp/crtbegin.o
 .ARM.attributes
                0x0000004c       0x2e ./Src/011i2c_master_rx_testing.o
 .ARM.attributes
                0x0000007a       0x21 ./Startup/startup_stm32f407vgtx.o
 .ARM.attributes
                0x0000009b       0x2e ./drivers/src/stm32f407xx_gpio_driver.o
 .ARM.attributes
                0x000000c9       0x2e ./drivers/src/stm32f407xx_i2c_driver.o
 .ARM.attributes
                0x000000f7       0x2e C:/ST/STM32CubeIDE_1.18.1/STM32CubeIDE/plugins/com.st.stm32cube.ide.mcu.externaltools.gnu-tools-for-stm32.13.3.rel1.win32_1.0.0.202411081344/tools/bin/../lib/gcc/arm-none-eabi/13.3.1/../../../../arm-none-eabi/lib/thumb/v7e-m/nofp\libc_nano.a(libc_a-init.o)
 .ARM.attributes
                0x00000125       0x1e C:/ST/STM32CubeIDE_1.18.1/STM32CubeIDE/plugins/com.st.stm32cube.ide.mcu.externaltools.gnu-tools-for-stm32.13.3.rel1.win32_1.0.0.202411081344/tools/bin/../lib/gcc/arm-none-eabi/13.3.1/thumb/v7e-m/nofp/crtn.o
OUTPUT(stm32f4xx_drivers.elf elf32-littlearm)
LOAD linker stubs
LOAD C:/ST/STM32CubeIDE_1.18.1/STM32CubeIDE/plugins/com.st.stm32cube.ide.mcu.externaltools.gnu-tools-for-stm32.13.3.rel1.win32_1.0.0.202411081344/tools/bin/../lib/gcc/arm-none-eabi/13.3.1/../../../../arm-none-eabi/lib/thumb/v7e-m/nofp\libc.a
LOAD C:/ST/STM32CubeIDE_1.18.1/STM32CubeIDE/plugins/com.st.stm32cube.ide.mcu.externaltools.gnu-tools-for-stm32.13.3.rel1.win32_1.0.0.202411081344/tools/bin/../lib/gcc/arm-none-eabi/13.3.1/../../../../arm-none-eabi/lib/thumb/v7e-m/nofp\libm.a
LOAD C:/ST/STM32CubeIDE_1.18.1/STM32CubeIDE/plugins/com.st.stm32cube.ide.mcu.externaltools.gnu-tools-for-stm32.13.3.rel1.win32_1.0.0.202411081344/tools/bin/../lib/gcc/arm-none-eabi/13.3.1/thumb/v7e-m/nofp\libgcc.a

.debug_info     0x00000000     0x144c
 .debug_info    0x00000000      0x48e ./Src/011i2c_master_rx_testing.o
 .debug_info    0x0000048e       0x30 ./Startup/startup_stm32f407vgtx.o
 .debug_info    0x000004be      0x77a ./drivers/src/stm32f407xx_gpio_driver.o
 .debug_info    0x00000c38      0x814 ./drivers/src/stm32f407xx_i2c_driver.o

.debug_abbrev   0x00000000      0x53b
 .debug_abbrev  0x00000000      0x16f ./Src/011i2c_master_rx_testing.o
 .debug_abbrev  0x0000016f       0x24 ./Startup/startup_stm32f407vgtx.o
 .debug_abbrev  0x00000193      0x179 ./drivers/src/stm32f407xx_gpio_driver.o
 .debug_abbrev  0x0000030c      0x22f ./drivers/src/stm32f407xx_i2c_driver.o

.debug_aranges  0x00000000      0x168
 .debug_aranges
                0x00000000       0x40 ./Src/011i2c_master_rx_testing.o
 .debug_aranges
                0x00000040       0x28 ./Startup/startup_stm32f407vgtx.o
 .debug_aranges
                0x00000068       0x70 ./drivers/src/stm32f407xx_gpio_driver.o
 .debug_aranges
                0x000000d8       0x90 ./drivers/src/stm32f407xx_i2c_driver.o

.debug_rnglists
                0x00000000      0x102
 .debug_rnglists
                0x00000000       0x2b ./Src/011i2c_master_rx_testing.o
 .debug_rnglists
                0x0000002b       0x19 ./Startup/startup_stm32f407vgtx.o
 .debug_rnglists
                0x00000044       0x53 ./drivers/src/stm32f407xx_gpio_driver.o
 .debug_rnglists
                0x00000097       0x6b ./drivers/src/stm32f407xx_i2c_driver.o

.debug_macro    0x00000000     0x2663
 .debug_macro   0x00000000      0x1b1 ./Src/011i2c_master_rx_testing.o
 .debug_macro   0x000001b1      0xad8 ./Src/011i2c_master_rx_testing.o
 .debug_macro   0x00000c89       0x22 ./Src/011i2c_master_rx_testing.o
 .debug_macro   0x00000cab       0x5b ./Src/011i2c_master_rx_testing.o
 .debug_macro   0x00000d06       0x24 ./Src/011i2c_master_rx_testing.o
 .debug_macro   0x00000d2a       0x94 ./Src/011i2c_master_rx_testing.o
 .debug_macro   0x00000dbe       0x43 ./Src/011i2c_master_rx_testing.o
 .debug_macro   0x00000e01       0x34 ./Src/011i2c_master_rx_testing.o
 .debug_macro   0x00000e35       0x16 ./Src/011i2c_master_rx_testing.o
 .debug_macro   0x00000e4b       0x57 ./Src/011i2c_master_rx_testing.o
 .debug_macro   0x00000ea2       0x9e ./Src/011i2c_master_rx_testing.o
 .debug_macro   0x00000f40      0x370 ./Src/011i2c_master_rx_testing.o
 .debug_macro   0x000012b0      0x112 ./Src/011i2c_master_rx_testing.o
 .debug_macro   0x000013c2       0x10 ./Src/011i2c_master_rx_testing.o
 .debug_macro   0x000013d2       0x16 ./Src/011i2c_master_rx_testing.o
 .debug_macro   0x000013e8       0x4a ./Src/011i2c_master_rx_testing.o
 .debug_macro   0x00001432       0x34 ./Src/011i2c_master_rx_testing.o
 .debug_macro   0x00001466       0x10 ./Src/011i2c_master_rx_testing.o
 .debug_macro   0x00001476       0x58 ./Src/011i2c_master_rx_testing.o
 .debug_macro   0x000014ce       0x8e ./Src/011i2c_master_rx_testing.o
 .debug_macro   0x0000155c       0x1c ./Src/011i2c_master_rx_testing.o
 .debug_macro   0x00001578      0x185 ./Src/011i2c_master_rx_testing.o
 .debug_macro   0x000016fd       0x16 ./Src/011i2c_master_rx_testing.o
 .debug_macro   0x00001713       0x16 ./Src/011i2c_master_rx_testing.o
 .debug_macro   0x00001729      0x146 ./Src/011i2c_master_rx_testing.o
 .debug_macro   0x0000186f       0x16 ./Src/011i2c_master_rx_testing.o
 .debug_macro   0x00001885       0x3c ./Src/011i2c_master_rx_testing.o
 .debug_macro   0x000018c1       0x20 ./Src/011i2c_master_rx_testing.o
 .debug_macro   0x000018e1      0x103 ./Src/011i2c_master_rx_testing.o
 .debug_macro   0x000019e4       0x6a ./Src/011i2c_master_rx_testing.o
 .debug_macro   0x00001a4e      0x1df ./Src/011i2c_master_rx_testing.o
 .debug_macro   0x00001c2d      0x4ad ./Src/011i2c_master_rx_testing.o
 .debug_macro   0x000020da       0xc4 ./Src/011i2c_master_rx_testing.o
 .debug_macro   0x0000219e       0xc4 ./Src/011i2c_master_rx_testing.o
 .debug_macro   0x00002262       0x88 ./Src/011i2c_master_rx_testing.o
 .debug_macro   0x000022ea       0xad ./drivers/src/stm32f407xx_gpio_driver.o
 .debug_macro   0x00002397       0x8e ./drivers/src/stm32f407xx_gpio_driver.o
 .debug_macro   0x00002425       0x51 ./drivers/src/stm32f407xx_gpio_driver.o
 .debug_macro   0x00002476       0xbe ./drivers/src/stm32f407xx_gpio_driver.o
 .debug_macro   0x00002534       0xad ./drivers/src/stm32f407xx_i2c_driver.o
 .debug_macro   0x000025e1       0x82 ./drivers/src/stm32f407xx_i2c_driver.o

.debug_line     0x00000000     0x1a55
 .debug_line    0x00000000      0x723 ./Src/011i2c_master_rx_testing.o
 .debug_line    0x00000723       0x7b ./Startup/startup_stm32f407vgtx.o
 .debug_line    0x0000079e      0x9bf ./drivers/src/stm32f407xx_gpio_driver.o
 .debug_line    0x0000115d      0x8f8 ./drivers/src/stm32f407xx_i2c_driver.o

.debug_str      0x00000000     0x9b8e
 .debug_str     0x00000000     0x9b8e ./Src/011i2c_master_rx_testing.o
                               0x98e2 (size before relaxing)
 .debug_str     0x00009b8e       0x90 ./Startup/startup_stm32f407vgtx.o
 .debug_str     0x00009b8e     0x6213 ./drivers/src/stm32f407xx_gpio_driver.o
 .debug_str     0x00009b8e     0x623f ./drivers/src/stm32f407xx_i2c_driver.o

.comment        0x00000000       0x43
 .comment       0x00000000       0x43 ./Src/011i2c_master_rx_testing.o
                                 0x44 (size before relaxing)
 .comment       0x00000043       0x44 ./drivers/src/stm32f407xx_gpio_driver.o
 .comment       0x00000043       0x44 ./drivers/src/stm32f407xx_i2c_driver.o

.debug_frame    0x00000000      0x4fc
 .debug_frame   0x00000000       0xb8 ./Src/011i2c_master_rx_testing.o
 .debug_frame   0x000000b8      0x1c8 ./drivers/src/stm32f407xx_gpio_driver.o
 .debug_frame   0x00000280      0x250 ./drivers/src/stm32f407xx_i2c_driver.o
 .debug_frame   0x000004d0       0x2c C:/ST/STM32CubeIDE_1.18.1/STM32CubeIDE/plugins/com.st.stm32cube.ide.mcu.externaltools.gnu-tools-for-stm32.13.3.rel1.win32_1.0.0.202411081344/tools/bin/../lib/gcc/arm-none-eabi/13.3.1/../../../../arm-none-eabi/lib/thumb/v7e-m/nofp\libc_nano.a(libc_a-init.o)

.debug_line_str
                0x00000000       0x74
 .debug_line_str
                0x00000000       0x74 ./Startup/startup_stm32f407vgtx.o
