18:55:50 **** Incremental Build of configuration Debug for project 001HelloWorld_semihosting ****
make -j12 all 
arm-none-eabi-gcc -mcpu=cortex-m4 -g3 -DDEBUG -c -x assembler-with-cpp -MMD -MP -MF"Startup/startup_stm32f407vgtx.d" -MT"Startup/startup_stm32f407vgtx.o" --specs=nano.specs -mfpu=fpv4-sp-d16 -mfloat-abi=hard -mthumb -o "Startup/startup_stm32f407vgtx.o" "../Startup/startup_stm32f407vgtx.s"
arm-none-eabi-gcc "../Src/main.c" -mcpu=cortex-m4 -std=gnu11 -g3 -DDEBUG -DSTM32 -DSTM32F407G_DISC1 -DSTM32F4 -DSTM32F407VGTx -c -I../Inc -O0 -ffunction-sections -fdata-sections -Wall -fstack-usage -fcyclomatic-complexity -MMD -MP -MF"Src/main.d" -MT"Src/main.o" --specs=nano.specs -mfpu=fpv4-sp-d16 -mfloat-abi=hard -mthumb -o "Src/main.o"
arm-none-eabi-gcc "../Src/sysmem.c" -mcpu=cortex-m4 -std=gnu11 -g3 -DDEBUG -DSTM32 -DSTM32F407G_DISC1 -DSTM32F4 -DSTM32F407VGTx -c -I../Inc -O0 -ffunction-sections -fdata-sections -Wall -fstack-usage -fcyclomatic-complexity -MMD -MP -MF"Src/sysmem.d" -MT"Src/sysmem.o" --specs=nano.specs -mfpu=fpv4-sp-d16 -mfloat-abi=hard -mthumb -o "Src/sysmem.o"
../Src/main.c:22:4: warning: #warning "FPU is not initialized, but the project is compiling for an FPU. Please initialize the FPU before use." [-Wcpp]
   22 |   #warning "FPU is not initialized, but the project is compiling for an FPU. Please initialize the FPU before use."
      |    ^~~~~~~
../Src/main.c: In function 'main':
../Src/main.c:28:9: warning: implicit declaration of function 'initialise_monitor_handles' [-Wimplicit-function-declaration]
   28 |         initialise_monitor_handles();
      |         ^~~~~~~~~~~~~~~~~~~~~~~~~~
../Src/main.c:30:9: warning: implicit declaration of function 'printf' [-Wimplicit-function-declaration]
   30 |         printf("Hello World\n");
      |         ^~~~~~
../Src/main.c:20:1: note: include '<stdio.h>' or provide a declaration of 'printf'
   19 | #include <stdint.h>
  +++ |+#include <stdio.h>
   20 | 
../Src/main.c:30:9: warning: incompatible implicit declaration of built-in function 'printf' [-Wbuiltin-declaration-mismatch]
   30 |         printf("Hello World\n");
      |         ^~~~~~
../Src/main.c:30:9: note: include '<stdio.h>' or provide a declaration of 'printf'
arm-none-eabi-gcc -o "001HelloWorld_semihosting.elf" @"objects.list"   -mcpu=cortex-m4 -T"C:\Users\HP\OneDrive\Desktop\Embedded-C\MCU1-Course\MCU1\001HelloWorld_semihosting\STM32F407VGTX_FLASH.ld" --specs=nosys.specs -Wl,-Map="001HelloWorld_semihosting.map" -Wl,--gc-sections -static -specs=rdimon.specs -lc -lrdimon --specs=nano.specs -mfpu=fpv4-sp-d16 -mfloat-abi=hard -mthumb -Wl,--start-group -lc -lm -Wl,--end-group
Finished building target: 001HelloWorld_semihosting.elf
 
arm-none-eabi-size  001HelloWorld_semihosting.elf 
arm-none-eabi-objdump -h -S 001HelloWorld_semihosting.elf  > "001HelloWorld_semihosting.list"
   text	   data	    bss	    dec	    hex	filename
   4496	    100	   2076	   6672	   1a10	001HelloWorld_semihosting.elf
Finished building: default.size.stdout
 
Finished building: 001HelloWorld_semihosting.list
 

18:55:53 Build Finished. 0 errors, 4 warnings. (took 3s.174ms)

