14:58:17 **** Incremental Build of configuration Debug for project stm32f4xx_drivers ****
make -j12 all 
arm-none-eabi-gcc "../drivers/src/stm32f407xx_gpio_driver.c" -mcpu=cortex-m4 -std=gnu11 -g3 -DDEBUG -DSTM32 -DSTM32F407G_DISC1 -DSTM32F4 -DSTM32F407VGTx -c -I../Inc -I"C:/Users/HP/OneDrive/Desktop/Embedded-C/MCU1-Course/MCU1/stm32f4xx_drivers/drivers/inc" -O0 -ffunction-sections -fdata-sections -Wall -fstack-usage -fcyclomatic-complexity -MMD -MP -MF"drivers/src/stm32f407xx_gpio_driver.d" -MT"drivers/src/stm32f407xx_gpio_driver.o" --specs=nano.specs -mfpu=fpv4-sp-d16 -mfloat-abi=soft -mthumb -o "drivers/src/stm32f407xx_gpio_driver.o"
arm-none-eabi-gcc "../drivers/src/stm32f407xx_spi_driver.c" -mcpu=cortex-m4 -std=gnu11 -g3 -DDEBUG -DSTM32 -DSTM32F407G_DISC1 -DSTM32F4 -DSTM32F407VGTx -c -I../Inc -I"C:/Users/HP/OneDrive/Desktop/Embedded-C/MCU1-Course/MCU1/stm32f4xx_drivers/drivers/inc" -O0 -ffunction-sections -fdata-sections -Wall -fstack-usage -fcyclomatic-complexity -MMD -MP -MF"drivers/src/stm32f407xx_spi_driver.d" -MT"drivers/src/stm32f407xx_spi_driver.o" --specs=nano.specs -mfpu=fpv4-sp-d16 -mfloat-abi=soft -mthumb -o "drivers/src/stm32f407xx_spi_driver.o"
arm-none-eabi-gcc -mcpu=cortex-m4 -g3 -DDEBUG -c -x assembler-with-cpp -MMD -MP -MF"Startup/startup_stm32f407vgtx.d" -MT"Startup/startup_stm32f407vgtx.o" --specs=nano.specs -mfpu=fpv4-sp-d16 -mfloat-abi=soft -mthumb -o "Startup/startup_stm32f407vgtx.o" "../Startup/startup_stm32f407vgtx.s"
arm-none-eabi-gcc "../Src/009spi_message_rcv_it.c" -mcpu=cortex-m4 -std=gnu11 -g3 -DDEBUG -DSTM32 -DSTM32F407G_DISC1 -DSTM32F4 -DSTM32F407VGTx -c -I../Inc -I"C:/Users/HP/OneDrive/Desktop/Embedded-C/MCU1-Course/MCU1/stm32f4xx_drivers/drivers/inc" -O0 -ffunction-sections -fdata-sections -Wall -fstack-usage -fcyclomatic-complexity -MMD -MP -MF"Src/009spi_message_rcv_it.d" -MT"Src/009spi_message_rcv_it.o" --specs=nano.specs -mfpu=fpv4-sp-d16 -mfloat-abi=soft -mthumb -o "Src/009spi_message_rcv_it.o"
arm-none-eabi-gcc "../Src/syscalls.c" -mcpu=cortex-m4 -std=gnu11 -g3 -DDEBUG -DSTM32 -DSTM32F407G_DISC1 -DSTM32F4 -DSTM32F407VGTx -c -I../Inc -I"C:/Users/HP/OneDrive/Desktop/Embedded-C/MCU1-Course/MCU1/stm32f4xx_drivers/drivers/inc" -O0 -ffunction-sections -fdata-sections -Wall -fstack-usage -fcyclomatic-complexity -MMD -MP -MF"Src/syscalls.d" -MT"Src/syscalls.o" --specs=nano.specs -mfpu=fpv4-sp-d16 -mfloat-abi=soft -mthumb -o "Src/syscalls.o"
arm-none-eabi-gcc "../Src/sysmem.c" -mcpu=cortex-m4 -std=gnu11 -g3 -DDEBUG -DSTM32 -DSTM32F407G_DISC1 -DSTM32F4 -DSTM32F407VGTx -c -I../Inc -I"C:/Users/HP/OneDrive/Desktop/Embedded-C/MCU1-Course/MCU1/stm32f4xx_drivers/drivers/inc" -O0 -ffunction-sections -fdata-sections -Wall -fstack-usage -fcyclomatic-complexity -MMD -MP -MF"Src/sysmem.d" -MT"Src/sysmem.o" --specs=nano.specs -mfpu=fpv4-sp-d16 -mfloat-abi=soft -mthumb -o "Src/sysmem.o"
../Src/009spi_message_rcv_it.c: In function 'main':
../Src/009spi_message_rcv_it.c:154:63: warning: passing argument 2 of 'SPI_ReceiveDataIT' discards 'volatile' qualifier from pointer target type [-Wdiscarded-qualifiers]
  154 |                         while ( SPI_ReceiveDataIT(&SPI2handle,&ReadByte,1) == SPI_BUSY_IN_RX );
      |                                                               ^~~~~~~~~
In file included from C:/Users/HP/OneDrive/Desktop/Embedded-C/MCU1-Course/MCU1/stm32f4xx_drivers/drivers/inc/stm32f407xx.h:326,
                 from ../Src/009spi_message_rcv_it.c:18:
C:/Users/HP/OneDrive/Desktop/Embedded-C/MCU1-Course/MCU1/stm32f4xx_drivers/drivers/inc/stm32f407xx_spi_driver.h:136:62: note: expected 'uint8_t *' {aka 'unsigned char *'} but argument is of type 'volatile char *'
  136 | uint8_t SPI_ReceiveDataIT(SPI_Handle_t *pSPIHandle, uint8_t *pRxBuffer, uint32_t Len);
      |                                                     ~~~~~~~~~^~~~~~~~~
arm-none-eabi-gcc -o "stm32f4xx_drivers.elf" @"objects.list"   -mcpu=cortex-m4 -T"C:\Users\HP\OneDrive\Desktop\Embedded-C\MCU1-Course\MCU1\stm32f4xx_drivers\STM32F407VGTX_FLASH.ld" --specs=nosys.specs -Wl,-Map="stm32f4xx_drivers.map" -Wl,--gc-sections -static --specs=nano.specs -mfpu=fpv4-sp-d16 -mfloat-abi=soft -mthumb -Wl,--start-group -lc -lm -Wl,--end-group
Finished building target: stm32f4xx_drivers.elf
 
arm-none-eabi-size  stm32f4xx_drivers.elf 
arm-none-eabi-objdump -h -S stm32f4xx_drivers.elf  > "stm32f4xx_drivers.list"
   text	   data	    bss	    dec	    hex	filename
   8084	     92	   2444	  10620	   297c	stm32f4xx_drivers.elf
arm-none-eabi-objcopy  -O binary stm32f4xx_drivers.elf  "stm32f4xx_drivers.bin"
Finished building: default.size.stdout
 
Finished building: stm32f4xx_drivers.bin
 
Finished building: stm32f4xx_drivers.list
 

14:58:31 Build Finished. 0 errors, 1 warnings. (took 14s.525ms)

